npm warn Unknown project config "frozen-lockfile". This will stop working in the next major version of npm.
.svelte-kit/types/src/routes/(app)/browse/proxy+page.server.ts(87,6): error TS1005: ')' expected.
.svelte-kit/types/src/routes/(app)/wishlist/proxy+page.server.ts(38,5): error TS1005: ')' expected.
src/routes/(app)/browse/+page.server.ts(86,6): error TS1005: ')' expected.
src/routes/(app)/wishlist/+page.server.ts(37,5): error TS1005: ')' expected.
src/routes/api/admin/payouts/batch/+server.ts(110,42): error TS1109: Expression expected.
src/routes/api/admin/payouts/batch/+server.ts(113,10): error TS1005: ')' expected.
src/routes/api/admin/payouts/batch/+server.ts(135,48): error TS1109: Expression expected.
src/routes/api/admin/payouts/batch/+server.ts(135,73): error TS1005: ')' expected.
src/routes/api/admin/payouts/batch/+server.ts(136,43): error TS1109: Expression expected.
src/routes/api/admin/payouts/batch/+server.ts(136,92): error TS1005: ')' expected.
src/routes/api/admin/payouts/batch/+server.ts(140,78): error TS1005: ')' expected.
src/routes/api/admin/payouts/batch/+server.ts(163,10): error TS1005: ')' expected.
src/routes/api/admin/payouts/batch/+server.ts(168,42): error TS1109: Expression expected.
src/routes/api/admin/payouts/batch/+server.ts(171,10): error TS1005: ')' expected.
src/routes/api/admin/payouts/export/+server.ts(90,29): error TS1109: Expression expected.
src/routes/api/admin/payouts/export/+server.ts(107,15): error TS1005: ')' expected.
src/routes/api/admin/payouts/export/+server.ts(112,18): error TS1109: Expression expected.
src/routes/api/admin/payouts/export/+server.ts(113,16): error TS1109: Expression expected.
src/routes/api/admin/payouts/export/+server.ts(122,7): error TS1005: ')' expected.
src/routes/api/browse/load-more/+server.ts(83,6): error TS1005: ')' expected.
src/routes/api/orders/stats/+server.ts(106,16): error TS1005: ')' expected.
src/routes/api/payment/revolut/manual-payment/+server.ts(71,68): error TS1005: ',' expected.
src/routes/api/sellers/top/+server.ts(54,8): error TS1005: ')' expected.
src/routes/api/stripe/webhooks/+server.ts(39,26): error TS1005: ',' expected.
src/routes/api/stripe/webhooks/+server.ts(72,65): error TS1005: ',' expected.
src/routes/api/stripe/webhooks/+server.ts(141,65): error TS1005: ',' expected.
src/routes/api/stripe/webhooks/+server.ts(160,59): error TS1005: ',' expected.
src/routes/api/stripe/webhooks/+server.ts(216,58): error TS1005: ',' expected.
src/routes/api/stripe/webhooks/+server.ts(295,60): error TS1005: ',' expected.
src/routes/api/stripe/webhooks/+server.ts(333,60): error TS1005: ',' expected.
